ggml_cuda_init: found 1 CUDA devices (Total VRAM: 22587 MiB):
  Device 0: NVIDIA A10, compute capability 8.6, VMM: yes, VRAM: 22587 MiB
vla: arch = smolvla
vla: config = /root/vla-smoke-c01/models/smolvla-libero.gguf (gguf KV)
vla: backend = CUDA (device 0)
vla: [vram] after backend init     used=236.2 MiB  free=22351.4 MiB
vla: tower weights resident as bf16
vla: cfg  hidden=960 expert_h=480 expert_inter=1280 n_layers=32 n_img=64 n_lang=48 n_suffix=50 max_state=32 max_action=32
vla: cfg  real_state_dim=8 real_action_dim=7
vla: [vram] weight_buf = 1069.0 MiB
vla: [vram] after weights alloc    used=1306.2 MiB  free=21281.4 MiB  (+1070.0 MiB)
vla: [vram] gallocr compute buf = 12.8 MiB
vla: [vram] after gallocr reserve  used=1346.2 MiB  free=21241.4 MiB  (+40.0 MiB)
-0.369418 -0.0928456 -0.741466 0.0902796 0.0411716 0.0243255 -0.980246 0 0 0 0 0 0 0 0 0 0 0 0 0 0 0 0 0 0 0 0 0 0 0 0 0
-0.531198 0.000881486 -0.659223 0.0391323 -0.00934135 0.0444553 -1.00509 0 0 0 0 0 0 0 0 0 0 0 0 0 0 0 0 0 0 0 0 0 0 0 0 0
-0.379273 -0.0172752 -0.440727 0.0425345 -0.113426 0.0243158 -0.997608 0 0 0 0 0 0 0 0 0 0 0 0 0 0 0 0 0 0 0 0 0 0 0 0 0
-0.394039 -0.0161659 -0.480319 0.0456189 -0.120253 0.0265949 -1.00235 0 0 0 0 0 0 0 0 0 0 0 0 0 0 0 0 0 0 0 0 0 0 0 0 0
-0.230009 -0.02434 -0.416924 0.0476722 -0.0829459 0.0231889 -1.01585 0 0 0 0 0 0 0 0 0 0 0 0 0 0 0 0 0 0 0 0 0 0 0 0 0
-0.123566 0.0121688 -0.323332 0.0346079 -0.0105662 0.0141825 1.01692 0 0 0 0 0 0 0 0 0 0 0 0 0 0 0 0 0 0 0 0 0 0 0 0 0
-0.112638 0.0123392 -0.270217 0.0318357 -0.00485755 0.00969127 0.998449 0 0 0 0 0 0 0 0 0 0 0 0 0 0 0 0 0 0 0 0 0 0 0 0 0
-0.0325142 0.0417679 -0.14299 0.00771281 0.0151951 0.00566236 1.00076 0 0 0 0 0 0 0 0 0 0 0 0 0 0 0 0 0 0 0 0 0 0 0 0 0
-0.0577329 0.0557242 -0.135441 0.003496 0.0059639 0.00487924 1.01212 0 0 0 0 0 0 0 0 0 0 0 0 0 0 0 0 0 0 0 0 0 0 0 0 0
-0.0903281 0.0254405 -0.141333 0.0102434 0.00430462 -0.000758517 0.973817 0 0 0 0 0 0 0 0 0 0 0 0 0 0 0 0 0 0 0 0 0 0 0 0 0
-0.143203 0.00641292 -0.159091 0.0143935 0.00721822 -0.00169404 0.971697 0 0 0 0 0 0 0 0 0 0 0 0 0 0 0 0 0 0 0 0 0 0 0 0 0
-0.167889 0.0111162 -0.151649 0.00657237 0.014127 -0.00521118 0.970276 0 0 0 0 0 0 0 0 0 0 0 0 0 0 0 0 0 0 0 0 0 0 0 0 0
-0.14668 -0.00533116 -0.0370865 0.000831711 0.0535392 -0.0176015 0.988351 0 0 0 0 0 0 0 0 0 0 0 0 0 0 0 0 0 0 0 0 0 0 0 0 0
-0.166447 0.0109362 0.00150232 0.000995917 0.0357049 -0.0238466 0.978842 0 0 0 0 0 0 0 0 0 0 0 0 0 0 0 0 0 0 0 0 0 0 0 0 0
-0.162845 0.0291561 0.0308182 -0.00108892 0.0399756 -0.0220129 0.973215 0 0 0 0 0 0 0 0 0 0 0 0 0 0 0 0 0 0 0 0 0 0 0 0 0
-0.130453 0.0290318 0.0217869 0.00102579 0.0300341 -0.020674 0.967206 0 0 0 0 0 0 0 0 0 0 0 0 0 0 0 0 0 0 0 0 0 0 0 0 0
-0.139415 0.0205949 0.00682331 0.00123115 0.0201327 -0.0231027 0.992112 0 0 0 0 0 0 0 0 0 0 0 0 0 0 0 0 0 0 0 0 0 0 0 0 0
-0.133266 0.00062035 -0.0274969 0.00215064 0.000923024 -0.0354131 -1.03097 0 0 0 0 0 0 0 0 0 0 0 0 0 0 0 0 0 0 0 0 0 0 0 0 0
-0.120419 0.0123732 0.165662 0.000800417 0.0109975 -0.0266478 0.967129 0 0 0 0 0 0 0 0 0 0 0 0 0 0 0 0 0 0 0 0 0 0 0 0 0
-0.163493 -0.00834849 0.115701 0.00180362 0.00498342 -0.023638 -1.02033 0 0 0 0 0 0 0 0 0 0 0 0 0 0 0 0 0 0 0 0 0 0 0 0 0
-0.121625 0.0359732 0.166143 -0.0118286 -0.00301167 -0.0269001 -0.984751 0 0 0 0 0 0 0 0 0 0 0 0 0 0 0 0 0 0 0 0 0 0 0 0 0
-0.0975008 0.0569573 0.177648 -0.0171141 -0.00885442 -0.0220927 -0.972954 0 0 0 0 0 0 0 0 0 0 0 0 0 0 0 0 0 0 0 0 0 0 0 0 0
-0.0899189 0.0653464 0.194811 -0.0156431 -0.0145152 -0.0131713 -0.984369 0 0 0 0 0 0 0 0 0 0 0 0 0 0 0 0 0 0 0 0 0 0 0 0 0
-0.0513014 0.045909 0.185671 -0.00361059 -0.0172733 -0.00912941 -1.01326 0 0 0 0 0 0 0 0 0 0 0 0 0 0 0 0 0 0 0 0 0 0 0 0 0
-0.0614107 0.027116 0.140874 -0.00154309 -0.0186254 -0.0126029 -0.976663 0 0 0 0 0 0 0 0 0 0 0 0 0 0 0 0 0 0 0 0 0 0 0 0 0
-0.0652683 0.0252415 0.141798 -0.00113066 -0.019413 -0.0148904 -1.0115 0 0 0 0 0 0 0 0 0 0 0 0 0 0 0 0 0 0 0 0 0 0 0 0 0
-0.0424527 0.0265346 0.0325469 0.00081559 -0.0468065 -0.0188604 -0.984899 0 0 0 0 0 0 0 0 0 0 0 0 0 0 0 0 0 0 0 0 0 0 0 0 0
-0.0477995 0.0297535 0.0162651 0.000887954 -0.04613 -0.0174063 -0.993964 0 0 0 0 0 0 0 0 0 0 0 0 0 0 0 0 0 0 0 0 0 0 0 0 0
-0.052322 0.0293934 0.0108136 0.00181952 -0.045033 -0.0178704 -0.985296 0 0 0 0 0 0 0 0 0 0 0 0 0 0 0 0 0 0 0 0 0 0 0 0 0
-0.0298815 0.045894 -0.0275201 0.00177487 -0.0453049 -0.0184382 -1.0019 0 0 0 0 0 0 0 0 0 0 0 0 0 0 0 0 0 0 0 0 0 0 0 0 0
-0.0299817 0.0468787 -0.00729365 0.000961347 -0.0398325 -0.0177165 -0.973008 0 0 0 0 0 0 0 0 0 0 0 0 0 0 0 0 0 0 0 0 0 0 0 0 0
-0.0310467 0.0522643 -0.0107386 0.000188234 -0.0390604 -0.0192428 -0.960394 0 0 0 0 0 0 0 0 0 0 0 0 0 0 0 0 0 0 0 0 0 0 0 0 0
-0.0354119 0.0501711 -0.00544512 -0.000983369 -0.0373982 -0.0219406 -0.973338 0 0 0 0 0 0 0 0 0 0 0 0 0 0 0 0 0 0 0 0 0 0 0 0 0
-0.0231089 0.0547039 0.00683795 0.000580184 -0.0382739 -0.0246274 -0.970653 0 0 0 0 0 0 0 0 0 0 0 0 0 0 0 0 0 0 0 0 0 0 0 0 0
-0.0279386 0.0527544 -0.00646254 -0.000319527 -0.0373701 -0.0264516 -1.00676 0 0 0 0 0 0 0 0 0 0 0 0 0 0 0 0 0 0 0 0 0 0 0 0 0
-0.0207111 0.0484312 0.0347222 -0.000666801 -0.0326562 -0.0269221 -0.980782 0 0 0 0 0 0 0 0 0 0 0 0 0 0 0 0 0 0 0 0 0 0 0 0 0
-0.0192805 0.0589411 0.0289376 0.000369522 -0.0336128 -0.0264154 -1.00838 0 0 0 0 0 0 0 0 0 0 0 0 0 0 0 0 0 0 0 0 0 0 0 0 0
-0.0205483 0.0550153 0.044182 -0.00155552 -0.0325267 -0.0226383 -1.0097 0 0 0 0 0 0 0 0 0 0 0 0 0 0 0 0 0 0 0 0 0 0 0 0 0
-0.0259107 0.0626418 0.0561789 -0.000623095 -0.0327759 -0.0241808 -0.975982 0 0 0 0 0 0 0 0 0 0 0 0 0 0 0 0 0 0 0 0 0 0 0 0 0
-0.0144135 0.0576873 0.0515905 -0.000187244 -0.0304186 -0.0235722 -0.992182 0 0 0 0 0 0 0 0 0 0 0 0 0 0 0 0 0 0 0 0 0 0 0 0 0
-0.00494778 0.0599875 0.057041 -0.000375479 -0.0315738 -0.0230216 -0.98174 0 0 0 0 0 0 0 0 0 0 0 0 0 0 0 0 0 0 0 0 0 0 0 0 0
0.00287258 0.0664559 0.0599782 -0.00146615 -0.0281946 -0.0237803 -0.986947 0 0 0 0 0 0 0 0 0 0 0 0 0 0 0 0 0 0 0 0 0 0 0 0 0
0.0317159 0.0874911 0.0715814 -0.000875892 -0.0201789 -0.0220897 -0.9681 0 0 0 0 0 0 0 0 0 0 0 0 0 0 0 0 0 0 0 0 0 0 0 0 0
0.0291916 0.0978963 0.0614754 -0.000746628 -0.0208627 -0.0238256 -0.976228 0 0 0 0 0 0 0 0 0 0 0 0 0 0 0 0 0 0 0 0 0 0 0 0 0
0.039251 0.114165 0.065542 -0.00208572 -0.0214429 -0.0223403 -1.00192 0 0 0 0 0 0 0 0 0 0 0 0 0 0 0 0 0 0 0 0 0 0 0 0 0
0.0560348 0.128449 0.0674436 -0.000574868 -0.0198021 -0.021758 -1.00512 0 0 0 0 0 0 0 0 0 0 0 0 0 0 0 0 0 0 0 0 0 0 0 0 0
0.0767202 0.152299 0.0694551 -0.00159377 -0.0196344 -0.0199253 -0.993677 0 0 0 0 0 0 0 0 0 0 0 0 0 0 0 0 0 0 0 0 0 0 0 0 0
0.0758814 0.152558 0.0579056 -0.00195074 -0.0202824 -0.0190927 -0.97656 0 0 0 0 0 0 0 0 0 0 0 0 0 0 0 0 0 0 0 0 0 0 0 0 0
0.081978 0.168199 0.0585809 -0.000956419 -0.0192097 -0.0183807 -0.975668 0 0 0 0 0 0 0 0 0 0 0 0 0 0 0 0 0 0 0 0 0 0 0 0 0
0.101491 0.158347 0.059179 -0.00149044 -0.0142998 -0.0187415 -0.946965 0 0 0 0 0 0 0 0 0 0 0 0 0 0 0 0 0 0 0 0 0 0 0 0 0
	Command being timed: "timeout 10m /root/vla-smoke-c01/build-cuda/vla-cli --ckpt /root/vla-smoke-c01/models/smolvla-libero.gguf --image /root/vla-smoke-c01/src/vla.cpp/assets/front.jpg --tokens 1,100,200,2 --pretty"
	User time (seconds): 1.10
	System time (seconds): 0.65
	Percent of CPU this job got: 99%
	Elapsed (wall clock) time (h:mm:ss or m:ss): 0:01.76
	Average shared text size (kbytes): 0
	Average unshared data size (kbytes): 0
	Average stack size (kbytes): 0
	Average total size (kbytes): 0
	Maximum resident set size (kbytes): 689276
	Average resident set size (kbytes): 0
	Major (requiring I/O) page faults: 0
	Minor (reclaiming a frame) page faults: 161174
	Voluntary context switches: 63
	Involuntary context switches: 8
	Swaps: 0
	File system inputs: 0
	File system outputs: 0
	Socket messages sent: 0
	Socket messages received: 0
	Signals delivered: 0
	Page size (bytes): 4096
	Exit status: 0
