ggml_cuda_init: found 1 CUDA devices (Total VRAM: 22587 MiB):
  Device 0: NVIDIA A10, compute capability 8.6, VMM: yes, VRAM: 22587 MiB
vla: arch = smolvla
vla: config = /root/vla-smoke-c01/models/smolvla-libero.gguf (gguf KV)
vla: backend = CUDA (device 0)
vla: [vram] after backend init     used=236.2 MiB  free=22351.4 MiB
vla: tower weights resident as bf16
vla: cfg  hidden=960 expert_h=480 expert_inter=1280 n_layers=32 n_img=64 n_lang=48 n_suffix=50 max_state=32 max_action=32
vla: cfg  real_state_dim=8 real_action_dim=7
vla: [vram] weight_buf = 1069.0 MiB
vla: [vram] after weights alloc    used=1306.2 MiB  free=21281.4 MiB  (+1070.0 MiB)
vla: [vram] gallocr compute buf = 12.8 MiB
vla: [vram] after gallocr reserve  used=1346.2 MiB  free=21241.4 MiB  (+40.0 MiB)
0.114424 -0.16031 -0.438131 -0.00242066 -0.169066 -0.0705481 -0.980186 0 0 0 0 0 0 0 0 0 0 0 0 0 0 0 0 0 0 0 0 0 0 0 0 0
0.00251285 -0.073066 -0.282857 -0.000328419 -0.131728 -0.0619325 -1.00732 0 0 0 0 0 0 0 0 0 0 0 0 0 0 0 0 0 0 0 0 0 0 0 0 0
-0.0679796 -0.0448139 -0.296997 0.00240151 -0.129236 -0.0671825 -1.09566 0 0 0 0 0 0 0 0 0 0 0 0 0 0 0 0 0 0 0 0 0 0 0 0 0
-0.146387 -0.0253572 -0.405538 0.00400242 -0.129439 -0.054892 0.944108 0 0 0 0 0 0 0 0 0 0 0 0 0 0 0 0 0 0 0 0 0 0 0 0 0
-0.151023 -0.00652978 -0.436616 0.00290541 -0.069309 -0.0230291 -1.01278 0 0 0 0 0 0 0 0 0 0 0 0 0 0 0 0 0 0 0 0 0 0 0 0 0
-0.194049 -0.0125387 -0.401567 0.00141941 -0.0557028 -0.0252237 0.990079 0 0 0 0 0 0 0 0 0 0 0 0 0 0 0 0 0 0 0 0 0 0 0 0 0
-0.173244 0.0135153 -0.258134 0.000463462 -0.0290116 -0.0183864 0.983344 0 0 0 0 0 0 0 0 0 0 0 0 0 0 0 0 0 0 0 0 0 0 0 0 0
-0.21442 0.0265352 -0.240481 0.000343666 -0.0335189 -0.0155864 0.965578 0 0 0 0 0 0 0 0 0 0 0 0 0 0 0 0 0 0 0 0 0 0 0 0 0
-0.210379 0.0402598 -0.225247 -0.000666667 -0.0275365 -0.00828516 -0.996029 0 0 0 0 0 0 0 0 0 0 0 0 0 0 0 0 0 0 0 0 0 0 0 0 0
-0.136181 0.0770763 -0.116272 -1.41449e-05 -0.0258154 -0.00594373 -1.01143 0 0 0 0 0 0 0 0 0 0 0 0 0 0 0 0 0 0 0 0 0 0 0 0 0
0.0360249 0.127736 0.0782763 -0.00333309 0.0187282 -0.00811556 -0.982971 0 0 0 0 0 0 0 0 0 0 0 0 0 0 0 0 0 0 0 0 0 0 0 0 0
-0.0300658 0.121721 -0.0126469 -0.000618905 0.00384281 -0.0122718 -0.979685 0 0 0 0 0 0 0 0 0 0 0 0 0 0 0 0 0 0 0 0 0 0 0 0 0
-0.0539403 0.110513 -0.0326048 0.000575208 -0.00297988 -0.0135175 -1.00179 0 0 0 0 0 0 0 0 0 0 0 0 0 0 0 0 0 0 0 0 0 0 0 0 0
-0.014625 0.0794132 0.126896 0.000244876 -0.0125114 -0.0189206 -0.974655 0 0 0 0 0 0 0 0 0 0 0 0 0 0 0 0 0 0 0 0 0 0 0 0 0
0.0161244 0.0926059 0.138413 0.000391355 -0.0104802 -0.0174011 -0.980159 0 0 0 0 0 0 0 0 0 0 0 0 0 0 0 0 0 0 0 0 0 0 0 0 0
0.0290335 0.107474 0.111378 0.000695416 -0.00919965 -0.0175491 -0.984408 0 0 0 0 0 0 0 0 0 0 0 0 0 0 0 0 0 0 0 0 0 0 0 0 0
0.0405054 0.0605309 0.118979 0.00205413 0.00968795 -0.0132839 -1.02939 0 0 0 0 0 0 0 0 0 0 0 0 0 0 0 0 0 0 0 0 0 0 0 0 0
0.026661 0.0679763 0.134855 0.00225341 0.00751339 -0.0137775 -0.989996 0 0 0 0 0 0 0 0 0 0 0 0 0 0 0 0 0 0 0 0 0 0 0 0 0
-0.0498816 -0.00970419 -0.000660665 0.00499725 -0.00344273 -0.0109195 -1.00033 0 0 0 0 0 0 0 0 0 0 0 0 0 0 0 0 0 0 0 0 0 0 0 0 0
-0.147218 -0.0454592 -0.128986 0.0066078 -0.0100563 -0.00361172 -0.985041 0 0 0 0 0 0 0 0 0 0 0 0 0 0 0 0 0 0 0 0 0 0 0 0 0
-0.213949 -0.0415535 -0.139005 0.00356314 -0.0168695 -0.00228099 -0.990193 0 0 0 0 0 0 0 0 0 0 0 0 0 0 0 0 0 0 0 0 0 0 0 0 0
-0.191039 -0.0335541 -0.11656 0.00346069 -0.0183951 -0.00110465 -1.01374 0 0 0 0 0 0 0 0 0 0 0 0 0 0 0 0 0 0 0 0 0 0 0 0 0
-0.179629 -0.028029 -0.113842 0.00333324 -0.0166694 -0.0024373 -0.972156 0 0 0 0 0 0 0 0 0 0 0 0 0 0 0 0 0 0 0 0 0 0 0 0 0
-0.162689 -0.0309977 -0.100331 0.00486633 -0.0133057 0.000983796 -0.989082 0 0 0 0 0 0 0 0 0 0 0 0 0 0 0 0 0 0 0 0 0 0 0 0 0
-0.197635 -0.0692927 -0.208905 0.0125633 -0.0149177 -0.00182446 -0.989816 0 0 0 0 0 0 0 0 0 0 0 0 0 0 0 0 0 0 0 0 0 0 0 0 0
-0.157825 -0.054924 -0.224011 0.0103899 -0.0163467 -0.00244543 -0.973844 0 0 0 0 0 0 0 0 0 0 0 0 0 0 0 0 0 0 0 0 0 0 0 0 0
-0.154066 -0.0544202 -0.217804 0.00861041 -0.018331 -0.000647711 -0.983844 0 0 0 0 0 0 0 0 0 0 0 0 0 0 0 0 0 0 0 0 0 0 0 0 0
-0.156328 -0.0533018 -0.279949 0.0114798 -0.016857 8.23359e-05 -0.969673 0 0 0 0 0 0 0 0 0 0 0 0 0 0 0 0 0 0 0 0 0 0 0 0 0
-0.198158 -0.0368079 -0.36322 0.0158232 -0.0131265 -0.000151186 -0.976903 0 0 0 0 0 0 0 0 0 0 0 0 0 0 0 0 0 0 0 0 0 0 0 0 0
-0.191718 -0.0244082 -0.340443 0.0137904 -0.0133115 4.3802e-05 -0.993175 0 0 0 0 0 0 0 0 0 0 0 0 0 0 0 0 0 0 0 0 0 0 0 0 0
-0.18336 -0.0207425 -0.334392 0.0127633 -0.0117266 2.11284e-05 -0.999289 0 0 0 0 0 0 0 0 0 0 0 0 0 0 0 0 0 0 0 0 0 0 0 0 0
-0.18705 -0.0220231 -0.347775 0.01178 -0.012599 -0.00241796 -0.978066 0 0 0 0 0 0 0 0 0 0 0 0 0 0 0 0 0 0 0 0 0 0 0 0 0
-0.184983 -0.0252326 -0.356614 0.0101891 -0.014216 -0.00356629 -0.974621 0 0 0 0 0 0 0 0 0 0 0 0 0 0 0 0 0 0 0 0 0 0 0 0 0
-0.19676 -0.0189227 -0.379737 0.00801841 -0.0140681 -0.00757999 -1.00517 0 0 0 0 0 0 0 0 0 0 0 0 0 0 0 0 0 0 0 0 0 0 0 0 0
-0.177369 -0.0174764 -0.370945 0.00756654 -0.0133118 -0.00966487 -1.01245 0 0 0 0 0 0 0 0 0 0 0 0 0 0 0 0 0 0 0 0 0 0 0 0 0
-0.171464 -0.0162987 -0.373252 0.00842889 -0.0128221 -0.00949322 -1.0034 0 0 0 0 0 0 0 0 0 0 0 0 0 0 0 0 0 0 0 0 0 0 0 0 0
-0.166006 -0.012567 -0.371033 0.00719655 -0.0126883 -0.0113361 -0.992686 0 0 0 0 0 0 0 0 0 0 0 0 0 0 0 0 0 0 0 0 0 0 0 0 0
-0.17156 -0.0127756 -0.363749 0.00695262 -0.0146662 -0.0122548 -0.993243 0 0 0 0 0 0 0 0 0 0 0 0 0 0 0 0 0 0 0 0 0 0 0 0 0
-0.168569 -0.0147215 -0.359113 0.00710122 -0.0138227 -0.0147267 -0.986017 0 0 0 0 0 0 0 0 0 0 0 0 0 0 0 0 0 0 0 0 0 0 0 0 0
-0.160283 -0.00874225 -0.328731 0.00565279 -0.0139937 -0.0158093 -1.00581 0 0 0 0 0 0 0 0 0 0 0 0 0 0 0 0 0 0 0 0 0 0 0 0 0
-0.158803 -0.0132392 -0.341744 0.00549697 -0.0169706 -0.0179639 -0.999362 0 0 0 0 0 0 0 0 0 0 0 0 0 0 0 0 0 0 0 0 0 0 0 0 0
-0.164933 -0.000666618 -0.34081 0.00616871 -0.0147474 -0.0183615 -1.00616 0 0 0 0 0 0 0 0 0 0 0 0 0 0 0 0 0 0 0 0 0 0 0 0 0
-0.159441 -0.0131559 -0.343109 0.00547606 -0.0121164 -0.0155614 -0.963177 0 0 0 0 0 0 0 0 0 0 0 0 0 0 0 0 0 0 0 0 0 0 0 0 0
-0.158476 -0.00304707 -0.3579 0.00632209 -0.0115545 -0.0169887 -0.979812 0 0 0 0 0 0 0 0 0 0 0 0 0 0 0 0 0 0 0 0 0 0 0 0 0
-0.154478 -0.00148578 -0.36251 0.00421192 -0.0107157 -0.018509 -0.999247 0 0 0 0 0 0 0 0 0 0 0 0 0 0 0 0 0 0 0 0 0 0 0 0 0
-0.143378 0.0250121 -0.329708 0.00334043 -0.0215348 -0.025299 -0.98444 0 0 0 0 0 0 0 0 0 0 0 0 0 0 0 0 0 0 0 0 0 0 0 0 0
-0.155306 0.0325582 -0.337062 0.00298989 -0.0192996 -0.0245571 -0.991574 0 0 0 0 0 0 0 0 0 0 0 0 0 0 0 0 0 0 0 0 0 0 0 0 0
-0.158236 0.0455 -0.322274 0.00414734 -0.0194466 -0.0250652 -0.965473 0 0 0 0 0 0 0 0 0 0 0 0 0 0 0 0 0 0 0 0 0 0 0 0 0
-0.151926 0.0433 -0.318276 0.00387819 -0.0206369 -0.026401 -0.981919 0 0 0 0 0 0 0 0 0 0 0 0 0 0 0 0 0 0 0 0 0 0 0 0 0
-0.131215 0.0374303 -0.317099 0.00482892 -0.0227974 -0.0277346 -0.979981 0 0 0 0 0 0 0 0 0 0 0 0 0 0 0 0 0 0 0 0 0 0 0 0 0
	Command being timed: "timeout 10m /root/vla-smoke-c01/build-cuda/vla-cli --ckpt /root/vla-smoke-c01/models/smolvla-libero.gguf --image /root/vla-smoke-c01/src/vla.cpp/assets/front.jpg --tokens 1,100,200,2 --pretty"
	User time (seconds): 1.07
	System time (seconds): 0.70
	Percent of CPU this job got: 98%
	Elapsed (wall clock) time (h:mm:ss or m:ss): 0:01.79
	Average shared text size (kbytes): 0
	Average unshared data size (kbytes): 0
	Average stack size (kbytes): 0
	Average total size (kbytes): 0
	Maximum resident set size (kbytes): 689160
	Average resident set size (kbytes): 0
	Major (requiring I/O) page faults: 10
	Minor (reclaiming a frame) page faults: 161157
	Voluntary context switches: 75
	Involuntary context switches: 8
	Swaps: 0
	File system inputs: 54816
	File system outputs: 0
	Socket messages sent: 0
	Socket messages received: 0
	Signals delivered: 0
	Page size (bytes): 4096
	Exit status: 0
